// Jest Snapshot v1, https://goo.gl/fbAQLP

exports[`login Saga 获取通知成功后调用 setNotices action 1`] = `
Object {
  "@@redux-saga/IO": true,
  "combinator": false,
  "payload": Object {
    "action": Object {
      "payload": Object {
        "error": "Cannot read property 'payload' of undefined",
      },
      "type": "AUTH/LOGIN_FAIL",
    },
    "channel": undefined,
  },
  "type": "PUT",
}
`;
